Archive member included because of file (symbol)

e:/imt/sdk/imt_sdk_win_64/winavr/bin/../lib/gcc/avr/4.3.3/avr5\libgcc.a(_exit.o)
                              e:/imt/sdk/imt_sdk_win_64/winavr/bin/../lib/gcc/avr/4.3.3/../../../../avr/lib/avr5/crtm32.o (exit)
e:/imt/sdk/imt_sdk_win_64/winavr/bin/../lib/gcc/avr/4.3.3/avr5\libgcc.a(_copy_data.o)
                              ./UserTasks.o (__do_copy_data)
e:/imt/sdk/imt_sdk_win_64/winavr/bin/../lib/gcc/avr/4.3.3/avr5\libgcc.a(_clear_bss.o)
                              ./UserTasks.o (__do_clear_bss)
e:/imt/sdk/imt_sdk_win_64/winavr/bin/../lib/gcc/avr/4.3.3/../../../../avr/lib/avr5\libc.a(memcpy.o)
                              ./queue.o (memcpy)
e:/imt/sdk/imt_sdk_win_64/winavr/bin/../lib/gcc/avr/4.3.3/../../../../avr/lib/avr5\libc.a(memset.o)
                              ./stream_buffer.o (memset)

Memory Configuration

Name             Origin             Length             Attributes
text             0x00000000         0x00020000         xr
data             0x00800060         0x0000ffa0         rw !x
eeprom           0x00810000         0x00010000         rw !x
fuse             0x00820000         0x00000400         rw !x
lock             0x00830000         0x00000400         rw !x
signature        0x00840000         0x00000400         rw !x
*default*        0x00000000         0xffffffff

Linker script and memory map

LOAD e:/imt/sdk/imt_sdk_win_64/winavr/bin/../lib/gcc/avr/4.3.3/../../../../avr/lib/avr5/crtm32.o
LOAD ./DIO.o
LOAD ./UserTasks.o
LOAD ./croutine.o
LOAD ./event_groups.o
LOAD ./heap_1.o
LOAD ./keypad.o
LOAD ./lcd.o
LOAD ./list.o
LOAD ./main.o
LOAD ./port.o
LOAD ./queue.o
LOAD ./stream_buffer.o
LOAD ./tasks.o
LOAD ./timers.o
LOAD e:/imt/sdk/imt_sdk_win_64/winavr/bin/../lib/gcc/avr/4.3.3/avr5\libgcc.a
LOAD e:/imt/sdk/imt_sdk_win_64/winavr/bin/../lib/gcc/avr/4.3.3/../../../../avr/lib/avr5\libc.a
LOAD e:/imt/sdk/imt_sdk_win_64/winavr/bin/../lib/gcc/avr/4.3.3/avr5\libgcc.a

.hash
 *(.hash)

.dynsym
 *(.dynsym)

.dynstr
 *(.dynstr)

.gnu.version
 *(.gnu.version)

.gnu.version_d
 *(.gnu.version_d)

.gnu.version_r
 *(.gnu.version_r)

.rel.init
 *(.rel.init)

.rela.init
 *(.rela.init)

.rel.text
 *(.rel.text)
 *(.rel.text.*)
 *(.rel.gnu.linkonce.t*)

.rela.text
 *(.rela.text)
 *(.rela.text.*)
 *(.rela.gnu.linkonce.t*)

.rel.fini
 *(.rel.fini)

.rela.fini
 *(.rela.fini)

.rel.rodata
 *(.rel.rodata)
 *(.rel.rodata.*)
 *(.rel.gnu.linkonce.r*)

.rela.rodata
 *(.rela.rodata)
 *(.rela.rodata.*)
 *(.rela.gnu.linkonce.r*)

.rel.data
 *(.rel.data)
 *(.rel.data.*)
 *(.rel.gnu.linkonce.d*)

.rela.data
 *(.rela.data)
 *(.rela.data.*)
 *(.rela.gnu.linkonce.d*)

.rel.ctors
 *(.rel.ctors)

.rela.ctors
 *(.rela.ctors)

.rel.dtors
 *(.rel.dtors)

.rela.dtors
 *(.rela.dtors)

.rel.got
 *(.rel.got)

.rela.got
 *(.rela.got)

.rel.bss
 *(.rel.bss)

.rela.bss
 *(.rela.bss)

.rel.plt
 *(.rel.plt)

.rela.plt
 *(.rela.plt)

.text           0x00000000     0x5472
 *(.vectors)
 .vectors       0x00000000       0x54 e:/imt/sdk/imt_sdk_win_64/winavr/bin/../lib/gcc/avr/4.3.3/../../../../avr/lib/avr5/crtm32.o
                0x00000000                __vectors
                0x00000000                __vector_default
 *(.vectors)
 *(.progmem.gcc*)
 *(.progmem*)
                0x00000054                . = ALIGN (0x2)
                0x00000054                __trampolines_start = .
 *(.trampolines)
 .trampolines   0x00000054        0x0 linker stubs
 *(.trampolines*)
                0x00000054                __trampolines_end = .
 *(.jumptables)
 *(.jumptables*)
 *(.lowtext)
 *(.lowtext*)
                0x00000054                __ctors_start = .
 *(.ctors)
                0x00000054                __ctors_end = .
                0x00000054                __dtors_start = .
 *(.dtors)
                0x00000054                __dtors_end = .
 SORT(*)(.ctors)
 SORT(*)(.dtors)
 *(.init0)
 .init0         0x00000054        0x0 e:/imt/sdk/imt_sdk_win_64/winavr/bin/../lib/gcc/avr/4.3.3/../../../../avr/lib/avr5/crtm32.o
                0x00000054                __init
 *(.init0)
 *(.init1)
 *(.init1)
 *(.init2)
 .init2         0x00000054        0xc e:/imt/sdk/imt_sdk_win_64/winavr/bin/../lib/gcc/avr/4.3.3/../../../../avr/lib/avr5/crtm32.o
 *(.init2)
 *(.init3)
 *(.init3)
 *(.init4)
 .init4         0x00000060       0x16 e:/imt/sdk/imt_sdk_win_64/winavr/bin/../lib/gcc/avr/4.3.3/avr5\libgcc.a(_copy_data.o)
                0x00000060                __do_copy_data
 .init4         0x00000076       0x10 e:/imt/sdk/imt_sdk_win_64/winavr/bin/../lib/gcc/avr/4.3.3/avr5\libgcc.a(_clear_bss.o)
                0x00000076                __do_clear_bss
 *(.init4)
 *(.init5)
 *(.init5)
 *(.init6)
 *(.init6)
 *(.init7)
 *(.init7)
 *(.init8)
 *(.init8)
 *(.init9)
 .init9         0x00000086        0x8 e:/imt/sdk/imt_sdk_win_64/winavr/bin/../lib/gcc/avr/4.3.3/../../../../avr/lib/avr5/crtm32.o
 *(.init9)
 *(.text)
 .text          0x0000008e        0x4 e:/imt/sdk/imt_sdk_win_64/winavr/bin/../lib/gcc/avr/4.3.3/../../../../avr/lib/avr5/crtm32.o
                0x0000008e                __vector_1
                0x0000008e                __vector_12
                0x0000008e                __bad_interrupt
                0x0000008e                __vector_6
                0x0000008e                __vector_3
                0x0000008e                __vector_11
                0x0000008e                __vector_13
                0x0000008e                __vector_17
                0x0000008e                __vector_19
                0x0000008e                __vector_5
                0x0000008e                __vector_4
                0x0000008e                __vector_9
                0x0000008e                __vector_2
                0x0000008e                __vector_15
                0x0000008e                __vector_8
                0x0000008e                __vector_14
                0x0000008e                __vector_10
                0x0000008e                __vector_16
                0x0000008e                __vector_18
                0x0000008e                __vector_20
 .text          0x00000092        0x0 ./DIO.o
 .text          0x00000092        0x0 ./UserTasks.o
 .text          0x00000092        0x0 ./croutine.o
 .text          0x00000092        0x0 ./event_groups.o
 .text          0x00000092        0x0 ./heap_1.o
 .text          0x00000092        0x0 ./keypad.o
 .text          0x00000092        0x0 ./lcd.o
 .text          0x00000092        0x0 ./list.o
 .text          0x00000092        0x0 ./main.o
 .text          0x00000092        0x0 ./port.o
 .text          0x00000092        0x0 ./queue.o
 .text          0x00000092        0x0 ./stream_buffer.o
 .text          0x00000092        0x0 ./tasks.o
 .text          0x00000092        0x0 ./timers.o
 .text          0x00000092        0x0 e:/imt/sdk/imt_sdk_win_64/winavr/bin/../lib/gcc/avr/4.3.3/avr5\libgcc.a(_exit.o)
 .text          0x00000092        0x0 e:/imt/sdk/imt_sdk_win_64/winavr/bin/../lib/gcc/avr/4.3.3/avr5\libgcc.a(_copy_data.o)
 .text          0x00000092        0x0 e:/imt/sdk/imt_sdk_win_64/winavr/bin/../lib/gcc/avr/4.3.3/avr5\libgcc.a(_clear_bss.o)
 .text          0x00000092        0x0 e:/imt/sdk/imt_sdk_win_64/winavr/bin/../lib/gcc/avr/4.3.3/../../../../avr/lib/avr5\libc.a(memcpy.o)
 .text          0x00000092        0x0 e:/imt/sdk/imt_sdk_win_64/winavr/bin/../lib/gcc/avr/4.3.3/../../../../avr/lib/avr5\libc.a(memset.o)
                0x00000092                . = ALIGN (0x2)
 *(.text.*)
 .text.DIO_WritePin
                0x00000092      0x1de ./DIO.o
                0x00000092                DIO_WritePin
 .text.DIO_ReadPin
                0x00000270       0xe4 ./DIO.o
                0x00000270                DIO_ReadPin
 .text.DIO_SetPinDirection
                0x00000354      0x1de ./DIO.o
                0x00000354                DIO_SetPinDirection
 .text.init_Task
                0x00000532       0x86 ./UserTasks.o
                0x00000532                init_Task
 .text.All_Hardware_Init_Task
                0x000005b8       0x2e ./UserTasks.o
                0x000005b8                All_Hardware_Init_Task
 .text.KeyPad_Task
                0x000005e6       0x7a ./UserTasks.o
                0x000005e6                KeyPad_Task
 .text.LCD_Task
                0x00000660      0x14c ./UserTasks.o
                0x00000660                LCD_Task
 .text.xEventGroupCreate
                0x000007ac       0x3e ./event_groups.o
                0x000007ac                xEventGroupCreate
 .text.xEventGroupSync
                0x000007ea      0x172 ./event_groups.o
                0x000007ea                xEventGroupSync
 .text.xEventGroupWaitBits
                0x0000095c      0x18c ./event_groups.o
                0x0000095c                xEventGroupWaitBits
 .text.xEventGroupClearBits
                0x00000ae8       0x6c ./event_groups.o
                0x00000ae8                xEventGroupClearBits
 .text.xEventGroupGetBitsFromISR
                0x00000b54       0x44 ./event_groups.o
                0x00000b54                xEventGroupGetBitsFromISR
 .text.xEventGroupSetBits
                0x00000b98      0x164 ./event_groups.o
                0x00000b98                xEventGroupSetBits
 .text.vEventGroupDelete
                0x00000cfc       0x62 ./event_groups.o
                0x00000cfc                vEventGroupDelete
 .text.vEventGroupSetBitsCallback
                0x00000d5e       0x3a ./event_groups.o
                0x00000d5e                vEventGroupSetBitsCallback
 .text.vEventGroupClearBitsCallback
                0x00000d98       0x3a ./event_groups.o
                0x00000d98                vEventGroupClearBitsCallback
 .text.prvTestWaitCondition
                0x00000dd2       0x64 ./event_groups.o
 .text.pvPortMalloc
                0x00000e36       0xac ./heap_1.o
                0x00000e36                pvPortMalloc
 .text.vPortFree
                0x00000ee2       0x18 ./heap_1.o
                0x00000ee2                vPortFree
 .text.vPortInitialiseBlocks
                0x00000efa       0x16 ./heap_1.o
                0x00000efa                vPortInitialiseBlocks
 .text.xPortGetFreeHeapSize
                0x00000f10       0x1e ./heap_1.o
                0x00000f10                xPortGetFreeHeapSize
 .text.KeyPad_Init
                0x00000f2e       0x6e ./keypad.o
                0x00000f2e                KeyPad_Init
 .text.KeyPad_getPressedKey
                0x00000f9c       0xb4 ./keypad.o
                0x00000f9c                KeyPad_getPressedKey
 .text.KeyPad_3x3_switch
                0x00001050      0x100 ./keypad.o
 .text.LCD_init
                0x00001150       0x42 ./lcd.o
                0x00001150                LCD_init
 .text.LCD_sendCommand
                0x00001192       0xda ./lcd.o
                0x00001192                LCD_sendCommand
 .text.LCD_displayCharacter
                0x0000126c       0xda ./lcd.o
                0x0000126c                LCD_displayCharacter
 .text.LCD_displayString
                0x00001346       0x52 ./lcd.o
                0x00001346                LCD_displayString
 .text.LCD_goToRowColumn
                0x00001398       0x84 ./lcd.o
                0x00001398                LCD_goToRowColumn
 .text.LCD_displayStringRowColumn
                0x0000141c       0x32 ./lcd.o
                0x0000141c                LCD_displayStringRowColumn
 .text.LCD_clearScreen
                0x0000144e       0x14 ./lcd.o
                0x0000144e                LCD_clearScreen
 .text.vListInitialise
                0x00001462       0x54 ./list.o
                0x00001462                vListInitialise
 .text.vListInitialiseItem
                0x000014b6       0x20 ./list.o
                0x000014b6                vListInitialiseItem
 .text.vListInsertEnd
                0x000014d6       0x88 ./list.o
                0x000014d6                vListInsertEnd
 .text.vListInsert
                0x0000155e       0xd8 ./list.o
                0x0000155e                vListInsert
 .text.uxListRemove
                0x00001636       0x98 ./list.o
                0x00001636                uxListRemove
 .text.main     0x000016ce       0x3a ./main.o
                0x000016ce                main
 .text.pxPortInitialiseStack
                0x00001708      0x306 ./port.o
                0x00001708                pxPortInitialiseStack
 .text.xPortStartScheduler
                0x00001a0e       0x6a ./port.o
                0x00001a0e                xPortStartScheduler
 .text.vPortEndScheduler
                0x00001a78        0xe ./port.o
                0x00001a78                vPortEndScheduler
 .text.vPortYield
                0x00001a86       0xb2 ./port.o
                0x00001a86                vPortYield
 .text.vPortYieldFromTick
                0x00001b38       0xba ./port.o
                0x00001b38                vPortYieldFromTick
 .text.prvSetupTimerInterrupt
                0x00001bf2       0xb8 ./port.o
 .text.__vector_7
                0x00001caa        0x6 ./port.o
                0x00001caa                __vector_7
 .text.xQueueGenericReset
                0x00001cb0      0x10c ./queue.o
                0x00001cb0                xQueueGenericReset
 .text.xQueueGenericCreate
                0x00001dbc       0xa2 ./queue.o
                0x00001dbc                xQueueGenericCreate
 .text.prvInitialiseNewQueue
                0x00001e5e       0x76 ./queue.o
 .text.xQueueGenericSend
                0x00001ed4      0x158 ./queue.o
                0x00001ed4                xQueueGenericSend
 .text.xQueueGenericSendFromISR
                0x0000202c       0xb0 ./queue.o
                0x0000202c                xQueueGenericSendFromISR
 .text.xQueueGiveFromISR
                0x000020dc       0xa2 ./queue.o
                0x000020dc                xQueueGiveFromISR
 .text.xQueueReceive
                0x0000217e      0x156 ./queue.o
                0x0000217e                xQueueReceive
 .text.xQueueSemaphoreTake
                0x000022d4      0x144 ./queue.o
                0x000022d4                xQueueSemaphoreTake
 .text.xQueuePeek
                0x00002418      0x164 ./queue.o
                0x00002418                xQueuePeek
 .text.xQueueReceiveFromISR
                0x0000257c       0xae ./queue.o
                0x0000257c                xQueueReceiveFromISR
 .text.xQueuePeekFromISR
                0x0000262a       0x72 ./queue.o
                0x0000262a                xQueuePeekFromISR
 .text.uxQueueMessagesWaiting
                0x0000269c       0x30 ./queue.o
                0x0000269c                uxQueueMessagesWaiting
 .text.uxQueueSpacesAvailable
                0x000026cc       0x4a ./queue.o
                0x000026cc                uxQueueSpacesAvailable
 .text.uxQueueMessagesWaitingFromISR
                0x00002716       0x34 ./queue.o
                0x00002716                uxQueueMessagesWaitingFromISR
 .text.vQueueDelete
                0x0000274a       0x2e ./queue.o
                0x0000274a                vQueueDelete
 .text.prvCopyDataToQueue
                0x00002778      0x14c ./queue.o
 .text.prvCopyDataFromQueue
                0x000028c4       0x8e ./queue.o
 .text.prvUnlockQueue
                0x00002952       0xa6 ./queue.o
 .text.prvIsQueueEmpty
                0x000029f8       0x3a ./queue.o
 .text.xQueueIsQueueEmptyFromISR
                0x00002a32       0x3e ./queue.o
                0x00002a32                xQueueIsQueueEmptyFromISR
 .text.prvIsQueueFull
                0x00002a70       0x40 ./queue.o
 .text.xQueueIsQueueFullFromISR
                0x00002ab0       0x44 ./queue.o
                0x00002ab0                xQueueIsQueueFullFromISR
 .text.xStreamBufferGenericCreate
                0x00002af4       0x98 ./stream_buffer.o
                0x00002af4                xStreamBufferGenericCreate
 .text.vStreamBufferDelete
                0x00002b8c       0x52 ./stream_buffer.o
                0x00002b8c                vStreamBufferDelete
 .text.xStreamBufferReset
                0x00002bde       0x84 ./stream_buffer.o
                0x00002bde                xStreamBufferReset
 .text.xStreamBufferSetTriggerLevel
                0x00002c62       0x6e ./stream_buffer.o
                0x00002c62                xStreamBufferSetTriggerLevel
 .text.xStreamBufferSpacesAvailable
                0x00002cd0       0x8c ./stream_buffer.o
                0x00002cd0                xStreamBufferSpacesAvailable
 .text.xStreamBufferBytesAvailable
                0x00002d5c       0x3c ./stream_buffer.o
                0x00002d5c                xStreamBufferBytesAvailable
 .text.xStreamBufferSend
                0x00002d98      0x190 ./stream_buffer.o
                0x00002d98                xStreamBufferSend
 .text.xStreamBufferSendFromISR
                0x00002f28       0xfa ./stream_buffer.o
                0x00002f28                xStreamBufferSendFromISR
 .text.prvWriteMessageToBuffer
                0x00003022       0xe4 ./stream_buffer.o
 .text.xStreamBufferReceive
                0x00003106      0x174 ./stream_buffer.o
                0x00003106                xStreamBufferReceive
 .text.xStreamBufferNextMessageLengthBytes
                0x0000327a       0xa4 ./stream_buffer.o
                0x0000327a                xStreamBufferNextMessageLengthBytes
 .text.xStreamBufferReceiveFromISR
                0x0000331e       0xf0 ./stream_buffer.o
                0x0000331e                xStreamBufferReceiveFromISR
 .text.prvReadMessageFromBuffer
                0x0000340e       0xd8 ./stream_buffer.o
 .text.xStreamBufferIsEmpty
                0x000034e6       0x5a ./stream_buffer.o
                0x000034e6                xStreamBufferIsEmpty
 .text.xStreamBufferIsFull
                0x00003540       0x70 ./stream_buffer.o
                0x00003540                xStreamBufferIsFull
 .text.xStreamBufferSendCompletedFromISR
                0x000035b0       0x86 ./stream_buffer.o
                0x000035b0                xStreamBufferSendCompletedFromISR
 .text.xStreamBufferReceiveCompletedFromISR
                0x00003636       0x86 ./stream_buffer.o
                0x00003636                xStreamBufferReceiveCompletedFromISR
 .text.prvWriteBytesToBuffer
                0x000036bc      0x11a ./stream_buffer.o
 .text.prvReadBytesFromBuffer
                0x000037d6      0x15a ./stream_buffer.o
 .text.prvBytesInBuffer
                0x00003930       0x74 ./stream_buffer.o
 .text.prvInitialiseNewStreamBuffer
                0x000039a4       0x78 ./stream_buffer.o
 .text.xTaskCreate
                0x00003a1c       0xf0 ./tasks.o
                0x00003a1c                xTaskCreate
 .text.prvInitialiseNewTask
                0x00003b0c      0x178 ./tasks.o
 .text.prvAddNewTaskToReadyList
                0x00003c84       0xf0 ./tasks.o
 .text.vTaskDelete
                0x00003d74       0xe4 ./tasks.o
                0x00003d74                vTaskDelete
 .text.vTaskDelay
                0x00003e58       0x44 ./tasks.o
                0x00003e58                vTaskDelay
 .text.vTaskSuspend
                0x00003e9c       0xe8 ./tasks.o
                0x00003e9c                vTaskSuspend
 .text.prvTaskIsTaskSuspended
                0x00003f84       0x5e ./tasks.o
 .text.vTaskResume
                0x00003fe2       0xc8 ./tasks.o
                0x00003fe2                vTaskResume
 .text.xTaskResumeFromISR
                0x000040aa       0xcc ./tasks.o
                0x000040aa                xTaskResumeFromISR
 .text.vTaskStartScheduler
                0x00004176       0x64 ./tasks.o
                0x00004176                vTaskStartScheduler
 .text.vTaskEndScheduler
                0x000041da       0x18 ./tasks.o
                0x000041da                vTaskEndScheduler
 .text.vTaskSuspendAll
                0x000041f2       0x18 ./tasks.o
                0x000041f2                vTaskSuspendAll
 .text.xTaskResumeAll
                0x0000420a      0x126 ./tasks.o
                0x0000420a                xTaskResumeAll
 .text.xTaskGetTickCount
                0x00004330       0x2e ./tasks.o
                0x00004330                xTaskGetTickCount
 .text.xTaskGetTickCountFromISR
                0x0000435e       0x2a ./tasks.o
                0x0000435e                xTaskGetTickCountFromISR
 .text.uxTaskGetNumberOfTasks
                0x00004388       0x12 ./tasks.o
                0x00004388                uxTaskGetNumberOfTasks
 .text.pcTaskGetName
                0x0000439a       0x50 ./tasks.o
                0x0000439a                pcTaskGetName
 .text.xTaskIncrementTick
                0x000043ea      0x1ca ./tasks.o
                0x000043ea                xTaskIncrementTick
 .text.vTaskSwitchContext
                0x000045b4       0xda ./tasks.o
                0x000045b4                vTaskSwitchContext
 .text.vTaskPlaceOnEventList
                0x0000468e       0x44 ./tasks.o
                0x0000468e                vTaskPlaceOnEventList
 .text.vTaskPlaceOnUnorderedEventList
                0x000046d2       0x60 ./tasks.o
                0x000046d2                vTaskPlaceOnUnorderedEventList
 .text.xTaskRemoveFromEventList
                0x00004732       0xd6 ./tasks.o
                0x00004732                xTaskRemoveFromEventList
 .text.vTaskRemoveFromUnorderedEventList
                0x00004808       0xba ./tasks.o
                0x00004808                vTaskRemoveFromUnorderedEventList
 .text.vTaskSetTimeOutState
                0x000048c2       0x3c ./tasks.o
                0x000048c2                vTaskSetTimeOutState
 .text.vTaskInternalSetTimeOutState
                0x000048fe       0x32 ./tasks.o
                0x000048fe                vTaskInternalSetTimeOutState
 .text.xTaskCheckForTimeOut
                0x00004930       0xda ./tasks.o
                0x00004930                xTaskCheckForTimeOut
 .text.vTaskMissedYield
                0x00004a0a       0x14 ./tasks.o
                0x00004a0a                vTaskMissedYield
 .text.prvIdleTask
                0x00004a1e       0x14 ./tasks.o
 .text.prvInitialiseTaskLists
                0x00004a32       0x82 ./tasks.o
 .text.prvCheckTasksWaitingTermination
                0x00004ab4       0x5e ./tasks.o
 .text.prvDeleteTCB
                0x00004b12       0x2c ./tasks.o
 .text.prvResetNextTaskUnblockTime
                0x00004b3e       0x56 ./tasks.o
 .text.xTaskGetCurrentTaskHandle
                0x00004b94       0x24 ./tasks.o
                0x00004b94                xTaskGetCurrentTaskHandle
 .text.uxTaskResetEventItemValue
                0x00004bb8       0x4e ./tasks.o
                0x00004bb8                uxTaskResetEventItemValue
 .text.ulTaskNotifyTake
                0x00004c06       0xee ./tasks.o
                0x00004c06                ulTaskNotifyTake
 .text.xTaskNotifyWait
                0x00004cf4      0x138 ./tasks.o
                0x00004cf4                xTaskNotifyWait
 .text.xTaskGenericNotify
                0x00004e2c      0x1ba ./tasks.o
                0x00004e2c                xTaskGenericNotify
 .text.xTaskGenericNotifyFromISR
                0x00004fe6      0x1f0 ./tasks.o
                0x00004fe6                xTaskGenericNotifyFromISR
 .text.vTaskNotifyGiveFromISR
                0x000051d6      0x10c ./tasks.o
                0x000051d6                vTaskNotifyGiveFromISR
 .text.xTaskNotifyStateClear
                0x000052e2       0x74 ./tasks.o
                0x000052e2                xTaskNotifyStateClear
 .text.prvAddCurrentTaskToDelayedList
                0x00005356       0xf8 ./tasks.o
 .text.libgcc   0x0000544e        0x0 e:/imt/sdk/imt_sdk_win_64/winavr/bin/../lib/gcc/avr/4.3.3/avr5\libgcc.a(_exit.o)
 .text.libgcc   0x0000544e        0x0 e:/imt/sdk/imt_sdk_win_64/winavr/bin/../lib/gcc/avr/4.3.3/avr5\libgcc.a(_copy_data.o)
 .text.libgcc   0x0000544e        0x0 e:/imt/sdk/imt_sdk_win_64/winavr/bin/../lib/gcc/avr/4.3.3/avr5\libgcc.a(_clear_bss.o)
 .text.avr-libc
                0x0000544e       0x12 e:/imt/sdk/imt_sdk_win_64/winavr/bin/../lib/gcc/avr/4.3.3/../../../../avr/lib/avr5\libc.a(memcpy.o)
                0x0000544e                memcpy
 .text.avr-libc
                0x00005460        0xe e:/imt/sdk/imt_sdk_win_64/winavr/bin/../lib/gcc/avr/4.3.3/../../../../avr/lib/avr5\libc.a(memset.o)
                0x00005460                memset
                0x0000546e                . = ALIGN (0x2)
 *(.fini9)
 .fini9         0x0000546e        0x0 e:/imt/sdk/imt_sdk_win_64/winavr/bin/../lib/gcc/avr/4.3.3/avr5\libgcc.a(_exit.o)
                0x0000546e                exit
                0x0000546e                _exit
 *(.fini9)
 *(.fini8)
 *(.fini8)
 *(.fini7)
 *(.fini7)
 *(.fini6)
 *(.fini6)
 *(.fini5)
 *(.fini5)
 *(.fini4)
 *(.fini4)
 *(.fini3)
 *(.fini3)
 *(.fini2)
 *(.fini2)
 *(.fini1)
 *(.fini1)
 *(.fini0)
 .fini0         0x0000546e        0x4 e:/imt/sdk/imt_sdk_win_64/winavr/bin/../lib/gcc/avr/4.3.3/avr5\libgcc.a(_exit.o)
 *(.fini0)
                0x00005472                _etext = .

.data           0x00800060       0x46 load address 0x00005472
                0x00800060                PROVIDE (__data_start, .)
 *(.data)
 .data          0x00800060        0x0 e:/imt/sdk/imt_sdk_win_64/winavr/bin/../lib/gcc/avr/4.3.3/../../../../avr/lib/avr5/crtm32.o
 .data          0x00800060        0x0 ./DIO.o
 .data          0x00800060       0x37 ./UserTasks.o
 .data          0x00800097        0x0 ./croutine.o
 .data          0x00800097        0x0 ./event_groups.o
 .data          0x00800097        0x0 ./heap_1.o
 .data          0x00800097        0x0 ./keypad.o
 .data          0x00800097        0x0 ./lcd.o
 .data          0x00800097        0x0 ./list.o
 .data          0x00800097        0xa ./main.o
 .data          0x008000a1        0x0 ./port.o
 .data          0x008000a1        0x0 ./queue.o
 .data          0x008000a1        0x0 ./stream_buffer.o
 .data          0x008000a1        0x5 ./tasks.o
 .data          0x008000a6        0x0 ./timers.o
 .data          0x008000a6        0x0 e:/imt/sdk/imt_sdk_win_64/winavr/bin/../lib/gcc/avr/4.3.3/avr5\libgcc.a(_exit.o)
 .data          0x008000a6        0x0 e:/imt/sdk/imt_sdk_win_64/winavr/bin/../lib/gcc/avr/4.3.3/avr5\libgcc.a(_copy_data.o)
 .data          0x008000a6        0x0 e:/imt/sdk/imt_sdk_win_64/winavr/bin/../lib/gcc/avr/4.3.3/avr5\libgcc.a(_clear_bss.o)
 .data          0x008000a6        0x0 e:/imt/sdk/imt_sdk_win_64/winavr/bin/../lib/gcc/avr/4.3.3/../../../../avr/lib/avr5\libc.a(memcpy.o)
 .data          0x008000a6        0x0 e:/imt/sdk/imt_sdk_win_64/winavr/bin/../lib/gcc/avr/4.3.3/../../../../avr/lib/avr5\libc.a(memset.o)
 *(.data*)
 *(.rodata)
 *(.rodata*)
 *(.gnu.linkonce.d*)
                0x008000a6                . = ALIGN (0x2)
                0x008000a6                _edata = .
                0x008000a6                PROVIDE (__data_end, .)

.bss            0x008000a6      0x64d
                0x008000a6                PROVIDE (__bss_start, .)
 *(.bss)
 .bss           0x008000a6        0x0 e:/imt/sdk/imt_sdk_win_64/winavr/bin/../lib/gcc/avr/4.3.3/../../../../avr/lib/avr5/crtm32.o
 .bss           0x008000a6        0x0 ./DIO.o
 .bss           0x008000a6        0x0 ./UserTasks.o
 .bss           0x008000a6        0x0 ./croutine.o
 .bss           0x008000a6        0x0 ./event_groups.o
 .bss           0x008000a6        0x0 ./heap_1.o
 .bss           0x008000a6        0x0 ./keypad.o
 .bss           0x008000a6        0x0 ./lcd.o
 .bss           0x008000a6        0x0 ./list.o
 .bss           0x008000a6        0x0 ./main.o
 .bss           0x008000a6        0x0 ./port.o
 .bss           0x008000a6        0x0 ./queue.o
 .bss           0x008000a6        0x0 ./stream_buffer.o
 .bss           0x008000a6        0x0 ./tasks.o
 .bss           0x008000a6        0x0 ./timers.o
 .bss           0x008000a6        0x0 e:/imt/sdk/imt_sdk_win_64/winavr/bin/../lib/gcc/avr/4.3.3/avr5\libgcc.a(_exit.o)
 .bss           0x008000a6        0x0 e:/imt/sdk/imt_sdk_win_64/winavr/bin/../lib/gcc/avr/4.3.3/avr5\libgcc.a(_copy_data.o)
 .bss           0x008000a6        0x0 e:/imt/sdk/imt_sdk_win_64/winavr/bin/../lib/gcc/avr/4.3.3/avr5\libgcc.a(_clear_bss.o)
 .bss           0x008000a6        0x0 e:/imt/sdk/imt_sdk_win_64/winavr/bin/../lib/gcc/avr/4.3.3/../../../../avr/lib/avr5\libc.a(memcpy.o)
 .bss           0x008000a6        0x0 e:/imt/sdk/imt_sdk_win_64/winavr/bin/../lib/gcc/avr/4.3.3/../../../../avr/lib/avr5\libc.a(memset.o)
 *(.bss*)
 .bss.PressedKey
                0x008000a6        0x1 ./UserTasks.o
 .bss.Init_Done
                0x008000a7        0x1 ./UserTasks.o
 .bss.AllHardwareInit_Flag
                0x008000a8        0x2 ./UserTasks.o
 .bss.DisplayFlag
                0x008000aa        0x1 ./UserTasks.o
 .bss.InitTask_Flag
                0x008000ab        0x2 ./UserTasks.o
                0x008000ab                InitTask_Flag
 .bss.xNextFreeByte
                0x008000ad        0x2 ./heap_1.o
 .bss.pucAlignedHeap.1645
                0x008000af        0x2 ./heap_1.o
 .bss.ucHeap    0x008000b1      0x5dc ./heap_1.o
 .bss.pxCurrentTCB
                0x0080068d        0x2 ./tasks.o
                0x0080068d                pxCurrentTCB
 .bss.uxDeletedTasksWaitingCleanUp
                0x0080068f        0x1 ./tasks.o
 .bss.uxCurrentNumberOfTasks
                0x00800690        0x1 ./tasks.o
 .bss.xTickCount
                0x00800691        0x2 ./tasks.o
 .bss.uxTopReadyPriority
                0x00800693        0x1 ./tasks.o
 .bss.xSchedulerRunning
                0x00800694        0x1 ./tasks.o
 .bss.uxPendedTicks
                0x00800695        0x1 ./tasks.o
 .bss.xYieldPending
                0x00800696        0x1 ./tasks.o
 .bss.xNumOfOverflows
                0x00800697        0x1 ./tasks.o
 .bss.uxTaskNumber
                0x00800698        0x1 ./tasks.o
 .bss.xNextTaskUnblockTime
                0x00800699        0x2 ./tasks.o
 .bss.xIdleTaskHandle
                0x0080069b        0x2 ./tasks.o
 .bss.uxSchedulerSuspended
                0x0080069d        0x1 ./tasks.o
 .bss.pxReadyTasksLists
                0x0080069e       0x24 ./tasks.o
 .bss.xDelayedTaskList1
                0x008006c2        0x9 ./tasks.o
 .bss.xDelayedTaskList2
                0x008006cb        0x9 ./tasks.o
 .bss.pxDelayedTaskList
                0x008006d4        0x2 ./tasks.o
 .bss.pxOverflowDelayedTaskList
                0x008006d6        0x2 ./tasks.o
 .bss.xPendingReadyList
                0x008006d8        0x9 ./tasks.o
 .bss.xTasksWaitingTermination
                0x008006e1        0x9 ./tasks.o
 .bss.xSuspendedTaskList
                0x008006ea        0x9 ./tasks.o
 *(COMMON)
                0x008006f3                PROVIDE (__bss_end, .)
                0x00005472                __data_load_start = LOADADDR (.data)
                0x000054b8                __data_load_end = (__data_load_start + SIZEOF (.data))

.noinit         0x008006f3        0x0
                0x008006f3                PROVIDE (__noinit_start, .)
 *(.noinit*)
                0x008006f3                PROVIDE (__noinit_end, .)
                0x008006f3                _end = .
                0x008006f3                PROVIDE (__heap_start, .)

.eeprom         0x00810000        0x0
 *(.eeprom*)
                0x00810000                __eeprom_end = .

.fuse
 *(.fuse)
 *(.lfuse)
 *(.hfuse)
 *(.efuse)

.lock
 *(.lock*)

.signature
 *(.signature*)

.stab           0x00000000     0x8d54
 *(.stab)
 .stab          0x00000000      0x474 ./DIO.o
 .stab          0x00000474      0x990 ./UserTasks.o
                                0xa2c (size before relaxing)
 .stab          0x00000e04      0x1bc ./croutine.o
                                0x630 (size before relaxing)
 .stab          0x00000fc0      0xde0 ./event_groups.o
                               0x111c (size before relaxing)
 .stab          0x00001da0      0x30c ./heap_1.o
                                0x7bc (size before relaxing)
 .stab          0x000020ac      0x3cc ./keypad.o
                                0x480 (size before relaxing)
 .stab          0x00002478      0x534 ./lcd.o
                                0x750 (size before relaxing)
 .stab          0x000029ac      0x474 ./list.o
                                0x858 (size before relaxing)
 .stab          0x00002e20      0x1c8 ./main.o
                                0x6d8 (size before relaxing)
 .stab          0x00002fe8      0x840 ./port.o
                                0xce4 (size before relaxing)
 .stab          0x00003828     0x1a88 ./queue.o
                               0x1f38 (size before relaxing)
 .stab          0x000052b0     0x1608 ./stream_buffer.o
                               0x1a4c (size before relaxing)
 .stab          0x000068b8     0x22f8 ./tasks.o
                               0x27d8 (size before relaxing)
 .stab          0x00008bb0      0x1a4 ./timers.o
                                0x6b4 (size before relaxing)

.stabstr        0x00000000     0x48f6
 *(.stabstr)
 .stabstr       0x00000000     0x48f6 ./DIO.o

.stab.excl
 *(.stab.excl)

.stab.exclstr
 *(.stab.exclstr)

.stab.index
 *(.stab.index)

.stab.indexstr
 *(.stab.indexstr)

.comment
 *(.comment)

.debug
 *(.debug)

.line
 *(.line)

.debug_srcinfo
 *(.debug_srcinfo)

.debug_sfnames
 *(.debug_sfnames)

.debug_aranges
 *(.debug_aranges)

.debug_pubnames
 *(.debug_pubnames)

.debug_info
 *(.debug_info)
 *(.gnu.linkonce.wi.*)

.debug_abbrev
 *(.debug_abbrev)

.debug_line
 *(.debug_line)

.debug_frame
 *(.debug_frame)

.debug_str
 *(.debug_str)

.debug_loc
 *(.debug_loc)

.debug_macinfo
 *(.debug_macinfo)
OUTPUT(FreeRTOS_SprintsChallenges_UserStory2.elf elf32-avr)
LOAD linker stubs
